Category: 📺央视频道, Name: CCTV-2, Total: 6, Valid: 6, Valid Percent: 100.00%, Whitelist: 0, IPv4: 6, IPv6: 0, Min Delay: 542 ms, Max Speed: 2.26 M/s, Avg Speed: 1.98 M/s, Max Resolution: 1280x720
Category: 📺央视频道, Name: CCTV-3, Total: 7, Valid: 5, Valid Percent: 71.43%, Whitelist: 0, IPv4: 7, IPv6: 0, Min Delay: 566 ms, Max Speed: 5.76 M/s, Avg Speed: 3.73 M/s, Max Resolution: 1920x1080
Category: 📺央视频道, Name: CCTV-4, Total: 16, Valid: 16, Valid Percent: 100.00%, Whitelist: 0, IPv4: 16, IPv6: 0, Min Delay: 57 ms, Max Speed: 82.60 M/s, Avg Speed: 23.36 M/s, Max Resolution: 1920x1080
Category: 📺央视频道, Name: CCTV-5, Total: 23, Valid: 22, Valid Percent: 95.65%, Whitelist: 0, IPv4: 23, IPv6: 0, Min Delay: 57 ms, Max Speed: 82.60 M/s, Avg Speed: 20.74 M/s, Max Resolution: 1920x1080
Category: 📺央视频道, Name: CCTV-5+, Total: 7, Valid: 7, Valid Percent: 100.00%, Whitelist: 0, IPv4: 7, IPv6: 0, Min Delay: 440 ms, Max Speed: 6.40 M/s, Avg Speed: 3.03 M/s, Max Resolution: 1920x1080
Category: 📺央视频道, Name: CCTV-6, Total: 22, Valid: 21, Valid Percent: 95.45%, Whitelist: 0, IPv4: 22, IPv6: 0, Min Delay: 57 ms, Max Speed: 82.60 M/s, Avg Speed: 29.28 M/s, Max Resolution: 1920x1080
Category: 📺央视频道, Name: CCTV-7, Total: 20, Valid: 19, Valid Percent: 95.00%, Whitelist: 0, IPv4: 20, IPv6: 0, Min Delay: 57 ms, Max Speed: 82.60 M/s, Avg Speed: 32.10 M/s, Max Resolution: 1920x1080
Category: 📺央视频道, Name: CCTV-8, Total: 23, Valid: 22, Valid Percent: 95.65%, Whitelist: 0, IPv4: 23, IPv6: 0, Min Delay: 57 ms, Max Speed: 82.60 M/s, Avg Speed: 24.74 M/s, Max Resolution: 1920x1080
Category: 📺央视频道, Name: CCTV-9, Total: 23, Valid: 22, Valid Percent: 95.65%, Whitelist: 0, IPv4: 23, IPv6: 0, Min Delay: 57 ms, Max Speed: 82.60 M/s, Avg Speed: 28.02 M/s, Max Resolution: 1920x1080
Category: 📺央视频道, Name: CCTV-10, Total: 26, Valid: 25, Valid Percent: 96.15%, Whitelist: 0, IPv4: 26, IPv6: 0, Min Delay: 57 ms, Max Speed: 82.60 M/s, Avg Speed: 24.70 M/s, Max Resolution: 1920x1080
Category: 📺央视频道, Name: CCTV-11, Total: 20, Valid: 19, Valid Percent: 95.00%, Whitelist: 0, IPv4: 20, IPv6: 0, Min Delay: 57 ms, Max Speed: 82.60 M/s, Avg Speed: 27.96 M/s, Max Resolution: 1920x1080
Category: 📺央视频道, Name: CCTV-12, Total: 21, Valid: 20, Valid Percent: 95.24%, Whitelist: 0, IPv4: 21, IPv6: 0, Min Delay: 57 ms, Max Speed: 82.60 M/s, Avg Speed: 30.69 M/s, Max Resolution: 1920x1080
Category: 📺央视频道, Name: CCTV-13, Total: 21, Valid: 20, Valid Percent: 95.24%, Whitelist: 0, IPv4: 19, IPv6: 2, Min Delay: 57 ms, Max Speed: 82.60 M/s, Avg Speed: 30.52 M/s, Max Resolution: 1920x1080
Category: 📺央视频道, Name: CCTV-14, Total: 26, Valid: 25, Valid Percent: 96.15%, Whitelist: 0, IPv4: 23, IPv6: 3, Min Delay: 57 ms, Max Speed: 82.60 M/s, Avg Speed: 24.85 M/s, Max Resolution: 1920x1080
Category: 📺央视频道, Name: CCTV-15, Total: 23, Valid: 22, Valid Percent: 95.65%, Whitelist: 0, IPv4: 23, IPv6: 0, Min Delay: 57 ms, Max Speed: 82.60 M/s, Avg Speed: 28.06 M/s, Max Resolution: 1920x1080
Category: 📺央视频道, Name: CCTV-16, Total: 18, Valid: 18, Valid Percent: 100.00%, Whitelist: 0, IPv4: 18, IPv6: 0, Min Delay: 57 ms, Max Speed: 82.60 M/s, Avg Speed: 20.34 M/s, Max Resolution: 1920x1080
Category: 📺央视频道, Name: CCTV-17, Total: 20, Valid: 20, Valid Percent: 100.00%, Whitelist: 0, IPv4: 20, IPv6: 0, Min Delay: 57 ms, Max Speed: 82.60 M/s, Avg Speed: 30.69 M/s, Max Resolution: 1920x1080
Category: 📡卫视频道, Name: 广东卫视, Total: 14, Valid: 13, Valid Percent: 92.86%, Whitelist: 0, IPv4: 14, IPv6: 0, Min Delay: 57 ms, Max Speed: 82.60 M/s, Avg Speed: 39.76 M/s, Max Resolution: 1920x1080
Category: 📡卫视频道, Name: 浙江卫视, Total: 18, Valid: 18, Valid Percent: 100.00%, Whitelist: 0, IPv4: 18, IPv6: 0, Min Delay: 57 ms, Max Speed: 82.60 M/s, Avg Speed: 29.08 M/s, Max Resolution: 1920x1080
Category: 📡卫视频道, Name: 湖南卫视, Total: 26, Valid: 25, Valid Percent: 96.15%, Whitelist: 0, IPv4: 26, IPv6: 0, Min Delay: 57 ms, Max Speed: 82.60 M/s, Avg Speed: 29.54 M/s, Max Resolution: 1920x1080
Category: 📡卫视频道, Name: 北京卫视, Total: 19, Valid: 18, Valid Percent: 94.74%, Whitelist: 0, IPv4: 19, IPv6: 0, Min Delay: 57 ms, Max Speed: 82.60 M/s, Avg Speed: 33.68 M/s, Max Resolution: 1920x1080
Category: 📡卫视频道, Name: 湖北卫视, Total: 17, Valid: 16, Valid Percent: 94.12%, Whitelist: 0, IPv4: 17, IPv6: 0, Min Delay: 57 ms, Max Speed: 82.60 M/s, Avg Speed: 37.71 M/s, Max Resolution: 1920x1080
Category: 📡卫视频道, Name: 黑龙江卫视, Total: 16, Valid: 15, Valid Percent: 93.75%, Whitelist: 0, IPv4: 16, IPv6: 0, Min Delay: 57 ms, Max Speed: 82.60 M/s, Avg Speed: 40.11 M/s, Max Resolution: 1920x1080
Category: 📡卫视频道, Name: 安徽卫视, Total: 17, Valid: 16, Valid Percent: 94.12%, Whitelist: 0, IPv4: 17, IPv6: 0, Min Delay: 57 ms, Max Speed: 82.60 M/s, Avg Speed: 37.78 M/s, Max Resolution: 1920x1080
Category: 📡卫视频道, Name: 重庆卫视, Total: 18, Valid: 17, Valid Percent: 94.44%, Whitelist: 0, IPv4: 18, IPv6: 0, Min Delay: 57 ms, Max Speed: 82.60 M/s, Avg Speed: 40.35 M/s, Max Resolution: 1920x1080
Category: 📡卫视频道, Name: 东方卫视, Total: 20, Valid: 19, Valid Percent: 95.00%, Whitelist: 0, IPv4: 20, IPv6: 0, Min Delay: 57 ms, Max Speed: 82.60 M/s, Avg Speed: 37.26 M/s, Max Resolution: 1920x1080
Category: 📡卫视频道, Name: 东南卫视, Total: 19, Valid: 18, Valid Percent: 94.74%, Whitelist: 0, IPv4: 17, IPv6: 2, Min Delay: 57 ms, Max Speed: 82.60 M/s, Avg Speed: 42.54 M/s, Max Resolution: 1920x1080
Category: 📡卫视频道, Name: 甘肃卫视, Total: 12, Valid: 12, Valid Percent: 100.00%, Whitelist: 0, IPv4: 11, IPv6: 1, Min Delay: 57 ms, Max Speed: 82.60 M/s, Avg Speed: 49.23 M/s, Max Resolution: 1920x1080
Category: 📡卫视频道, Name: 广西卫视, Total: 19, Valid: 17, Valid Percent: 89.47%, Whitelist: 0, IPv4: 17, IPv6: 2, Min Delay: 57 ms, Max Speed: 82.60 M/s, Avg Speed: 45.07 M/s, Max Resolution: 1920x1080
Category: 📡卫视频道, Name: 贵州卫视, Total: 18, Valid: 17, Valid Percent: 94.44%, Whitelist: 0, IPv4: 18, IPv6: 0, Min Delay: 57 ms, Max Speed: 82.60 M/s, Avg Speed: 49.92 M/s, Max Resolution: 1920x1080
Category: 📡卫视频道, Name: 海南卫视, Total: 11, Valid: 11, Valid Percent: 100.00%, Whitelist: 0, IPv4: 11, IPv6: 0, Min Delay: 57 ms, Max Speed: 82.60 M/s, Avg Speed: 53.15 M/s, Max Resolution: 1920x1080
Category: 📡卫视频道, Name: 河北卫视, Total: 19, Valid: 18, Valid Percent: 94.74%, Whitelist: 0, IPv4: 19, IPv6: 0, Min Delay: 57 ms, Max Speed: 82.60 M/s, Avg Speed: 42.72 M/s, Max Resolution: 1920x1080
Category: 📡卫视频道, Name: 河南卫视, Total: 22, Valid: 21, Valid Percent: 95.45%, Whitelist: 0, IPv4: 22, IPv6: 0, Min Delay: 57 ms, Max Speed: 82.60 M/s, Avg Speed: 40.59 M/s, Max Resolution: 1920x1080
Category: 📡卫视频道, Name: 吉林卫视, Total: 14, Valid: 13, Valid Percent: 92.86%, Whitelist: 0, IPv4: 14, IPv6: 0, Min Delay: 57 ms, Max Speed: 82.60 M/s, Avg Speed: 39.86 M/s, Max Resolution: 1920x1080
Category: 📡卫视频道, Name: 江苏卫视, Total: 21, Valid: 20, Valid Percent: 95.24%, Whitelist: 0, IPv4: 21, IPv6: 0, Min Delay: 57 ms, Max Speed: 82.60 M/s, Avg Speed: 31.29 M/s, Max Resolution: 1920x1080
Category: 📡卫视频道, Name: 江西卫视, Total: 16, Valid: 15, Valid Percent: 93.75%, Whitelist: 0, IPv4: 16, IPv6: 0, Min Delay: 57 ms, Max Speed: 82.60 M/s, Avg Speed: 40.11 M/s, Max Resolution: 1920x1080
Category: 📡卫视频道, Name: 辽宁卫视, Total: 18, Valid: 17, Valid Percent: 94.44%, Whitelist: 0, IPv4: 18, IPv6: 0, Min Delay: 57 ms, Max Speed: 82.60 M/s, Avg Speed: 40.31 M/s, Max Resolution: 1920x1080
Category: 📡卫视频道, Name: 内蒙古卫视, Total: 14, Valid: 14, Valid Percent: 100.00%, Whitelist: 0, IPv4: 14, IPv6: 0, Min Delay: 57 ms, Max Speed: 82.60 M/s, Avg Speed: 31.13 M/s, Max Resolution: 1920x1080
Category: 📡卫视频道, Name: 宁夏卫视, Total: 13, Valid: 13, Valid Percent: 100.00%, Whitelist: 0, IPv4: 13, IPv6: 0, Min Delay: 57 ms, Max Speed: 82.60 M/s, Avg Speed: 40.17 M/s, Max Resolution: 1920x1080
Category: 📡卫视频道, Name: 青海卫视, Total: 18, Valid: 18, Valid Percent: 100.00%, Whitelist: 0, IPv4: 16, IPv6: 2, Min Delay: 57 ms, Max Speed: 82.60 M/s, Avg Speed: 38.11 M/s, Max Resolution: 1920x1080
Category: 📡卫视频道, Name: 山东卫视, Total: 18, Valid: 17, Valid Percent: 94.44%, Whitelist: 0, IPv4: 18, IPv6: 0, Min Delay: 57 ms, Max Speed: 82.60 M/s, Avg Speed: 35.59 M/s, Max Resolution: 1920x1080
Category: 📡卫视频道, Name: 山西卫视, Total: 12, Valid: 12, Valid Percent: 100.00%, Whitelist: 0, IPv4: 12, IPv6: 0, Min Delay: 57 ms, Max Speed: 82.60 M/s, Avg Speed: 36.16 M/s, Max Resolution: 1920x1080
Category: 📡卫视频道, Name: 陕西卫视, Total: 12, Valid: 12, Valid Percent: 100.00%, Whitelist: 0, IPv4: 12, IPv6: 0, Min Delay: 57 ms, Max Speed: 82.60 M/s, Avg Speed: 22.75 M/s, Max Resolution: 1920x1080
Category: 📡卫视频道, Name: 四川卫视, Total: 19, Valid: 18, Valid Percent: 94.74%, Whitelist: 0, IPv4: 19, IPv6: 0, Min Delay: 57 ms, Max Speed: 82.60 M/s, Avg Speed: 47.19 M/s, Max Resolution: 1920x1080
Category: 📡卫视频道, Name: 深圳卫视, Total: 19, Valid: 19, Valid Percent: 100.00%, Whitelist: 0, IPv4: 19, IPv6: 0, Min Delay: 57 ms, Max Speed: 82.60 M/s, Avg Speed: 31.83 M/s, Max Resolution: 1920x1080
Category: 📡卫视频道, Name: 三沙卫视, Total: 11, Valid: 11, Valid Percent: 100.00%, Whitelist: 0, IPv4: 11, IPv6: 0, Min Delay: 57 ms, Max Speed: 82.60 M/s, Avg Speed: 46.73 M/s, Max Resolution: 1920x1080
Category: 📡卫视频道, Name: 天津卫视, Total: 17, Valid: 17, Valid Percent: 100.00%, Whitelist: 0, IPv4: 17, IPv6: 0, Min Delay: 57 ms, Max Speed: 82.60 M/s, Avg Speed: 30.59 M/s, Max Resolution: 1920x1080
Category: 📡卫视频道, Name: 西藏卫视, Total: 15, Valid: 13, Valid Percent: 86.67%, Whitelist: 0, IPv4: 13, IPv6: 2, Min Delay: 57 ms, Max Speed: 82.60 M/s, Avg Speed: 33.31 M/s, Max Resolution: 1920x1080
Category: 📡卫视频道, Name: 新疆卫视, Total: 14, Valid: 14, Valid Percent: 100.00%, Whitelist: 0, IPv4: 13, IPv6: 1, Min Delay: 57 ms, Max Speed: 82.60 M/s, Avg Speed: 31.21 M/s, Max Resolution: 1920x1080
Category: 📡卫视频道, Name: 云南卫视, Total: 20, Valid: 18, Valid Percent: 90.00%, Whitelist: 0, IPv4: 19, IPv6: 1, Min Delay: 57 ms, Max Speed: 82.60 M/s, Avg Speed: 42.61 M/s, Max Resolution: 1920x1080
